[    0.000000] Linux version 4.15.0-143-generic (buildd@lcy01-amd64-001) (gcc version 7.5.0 (Ubuntu 7.5.0-3ubuntu1~18.04)) #147-Ubuntu SMP Wed Apr 14 16:10:11 UTC 2021 (Ubuntu 4.15.0-143.147-generic 4.15.18)
[    0.000000] Command line: BOOT_IMAGE=/boot/vmlinuz-4.15.0-143-generic root=LABEL=cloudimg-rootfs ro console=tty1 console=ttyS0
[    0.000000] KERNEL supported cpus:
[    0.000000]   Intel GenuineIntel
[    0.000000]   AMD AuthenticAMD
[    0.000000]   Centaur CentaurHauls
[    0.000000] [Firmware Bug]: TSC doesn't count with P0 frequency!
[    0.000000] x86/fpu: Supporting XSAVE feature 0x001: 'x87 floating point registers'
[    0.000000] x86/fpu: Supporting XSAVE feature 0x002: 'SSE registers'
[    0.000000] x86/fpu: Supporting XSAVE feature 0x004: 'AVX registers'
[    0.000000] x86/fpu: xstate_offset[2]:  576, xstate_sizes[2]:  256
[    0.000000] x86/fpu: Enabled xstate features 0x7, context size is 832 bytes, using 'standard' format.
[    0.000000] e820: BIOS-provided physical RAM map:
[    0.000000] BIOS-e820: [mem 0x0000000000000000-0x000000000009fbff] usable
[    0.000000] BIOS-e820: [mem 0x000000000009fc00-0x000000000009ffff] reserved
[    0.000000] BIOS-e820: [mem 0x00000000000f0000-0x00000000000fffff] reserved
[    0.000000] BIOS-e820: [mem 0x0000000000100000-0x000000007ffeffff] usable
[    0.000000] BIOS-e820: [mem 0x000000007fff0000-0x000000007fffffff] ACPI data
[    0.000000] BIOS-e820: [mem 0x00000000fec00000-0x00000000fec00fff] reserved
[    0.000000] BIOS-e820: [mem 0x00000000fee00000-0x00000000fee00fff] reserved
[    0.000000] BIOS-e820: [mem 0x00000000fffc0000-0x00000000ffffffff] reserved
[    0.000000] NX (Execute Disable) protection: active
[    0.000000] SMBIOS 2.5 present.
[    0.000000] DMI: innotek GmbH VirtualBox/VirtualBox, BIOS VirtualBox 12/01/2006
[    0.000000] Hypervisor detected: KVM
[    0.000000] e820: last_pfn = 0x7fff0 max_arch_pfn = 0x400000000
[    0.000000] MTRR: Disabled
[    0.000000] x86/PAT: MTRRs disabled, skipping PAT initialization too.
[    0.000000] CPU MTRRs all blank - virtualized system.
[    0.000000] x86/PAT: Configuration [0-7]: WB  WT  UC- UC  WB  WT  UC- UC  
[    0.000000] found SMP MP-table at [mem 0x0009fff0-0x0009ffff]
[    0.000000] Scanning 1 areas for low memory corruption
[    0.000000] RAMDISK: [mem 0x359d3000-0x36ce0fff]
[    0.000000] ACPI: Early table checksum verification disabled
[    0.000000] ACPI: RSDP 0x00000000000E0000 000024 (v02 VBOX  )
[    0.000000] ACPI: XSDT 0x000000007FFF0030 00003C (v01 VBOX   VBOXXSDT 00000001 ASL  00000061)
[    0.000000] ACPI: FACP 0x000000007FFF00F0 0000F4 (v04 VBOX   VBOXFACP 00000001 ASL  00000061)
[    0.000000] ACPI: DSDT 0x000000007FFF0470 002325 (v02 VBOX   VBOXBIOS 00000002 INTL 20190509)
[    0.000000] ACPI: FACS 0x000000007FFF0200 000040
[    0.000000] ACPI: FACS 0x000000007FFF0200 000040
[    0.000000] ACPI: APIC 0x000000007FFF0240 00005C (v02 VBOX   VBOXAPIC 00000001 ASL  00000061)
[    0.000000] ACPI: SSDT 0x000000007FFF02A0 0001CC (v01 VBOX   VBOXCPUT 00000002 INTL 20190509)
[    0.000000] No NUMA configuration found
[    0.000000] Faking a node at [mem 0x0000000000000000-0x000000007ffeffff]
[    0.000000] NODE_DATA(0) allocated [mem 0x7ffc5000-0x7ffeffff]
[    0.000000] kvm-clock: cpu 0, msr 0:7ff44001, primary cpu clock
[    0.000000] kvm-clock: Using msrs 4b564d01 and 4b564d00
[    0.000000] kvm-clock: using sched offset of 3283410959 cycles
[    0.000000] clocksource: kvm-clock: mask: 0xffffffffffffffff max_cycles: 0x1cd42e4dffb, max_idle_ns: 881590591483 ns
[    0.000000] Zone ranges:
[    0.000000]   DMA      [mem 0x0000000000001000-0x0000000000ffffff]
[    0.000000]   DMA32    [mem 0x0000000001000000-0x000000007ffeffff]
[    0.000000]   Normal   empty
[    0.000000]   Device   empty
[    0.000000] Movable zone start for each node
[    0.000000] Early memory node ranges
[    0.000000]   node   0: [mem 0x0000000000001000-0x000000000009efff]
[    0.000000]   node   0: [mem 0x0000000000100000-0x000000007ffeffff]
[    0.000000] Reserved but unavailable: 98 pages
[    0.000000] Initmem setup node 0 [mem 0x0000000000001000-0x000000007ffeffff]
[    0.000000] ACPI: PM-Timer IO Port: 0x4008
[    0.000000] IOAPIC[0]: apic_id 2, version 32, address 0xfec00000, GSI 0-23
[    0.000000] ACPI: INT_SRC_OVR (bus 0 bus_irq 0 global_irq 2 dfl dfl)
[    0.000000] ACPI: INT_SRC_OVR (bus 0 bus_irq 9 global_irq 9 low level)
[    0.000000] Using ACPI (MADT) for SMP configuration information
[    0.000000] smpboot: Allowing 2 CPUs, 0 hotplug CPUs
[    0.000000] PM: Registered nosave memory: [mem 0x00000000-0x00000fff]
[    0.000000] PM: Registered nosave memory: [mem 0x0009f000-0x0009ffff]
[    0.000000] PM: Registered nosave memory: [mem 0x000a0000-0x000effff]
[    0.000000] PM: Registered nosave memory: [mem 0x000f0000-0x000fffff]
[    0.000000] e820: [mem 0x80000000-0xfebfffff] available for PCI devices
[    0.000000] Booting paravirtualized kernel on KVM
[    0.000000] clocksource: refined-jiffies: mask: 0xffffffff max_cycles: 0xffffffff, max_idle_ns: 7645519600211568 ns
[    0.000000] random: get_random_bytes called from start_kernel+0x99/0x500 with crng_init=0
[    0.000000] setup_percpu: NR_CPUS:8192 nr_cpumask_bits:2 nr_cpu_ids:2 nr_node_ids:1
[    0.000000] percpu: Embedded 45 pages/cpu s147456 r8192 d28672 u1048576
[    0.000000] PV qspinlock hash table entries: 256 (order: 0, 4096 bytes)
[    0.000000] Built 1 zonelists, mobility grouping on.  Total pages: 515961
[    0.000000] Policy zone: DMA32
[    0.000000] Kernel command line: BOOT_IMAGE=/boot/vmlinuz-4.15.0-143-generic root=LABEL=cloudimg-rootfs ro console=tty1 console=ttyS0
[    0.000000] Memory: 2014920K/2096696K available (12300K kernel code, 2483K rwdata, 4316K rodata, 2444K init, 2724K bss, 81776K reserved, 0K cma-reserved)
[    0.000000] SLUB: HWalign=64, Order=0-3, MinObjects=0, CPUs=2, Nodes=1
[    0.000000] ftrace: allocating 39437 entries in 155 pages
[    0.004000] Hierarchical RCU implementation.
[    0.004000] 	RCU restricting CPUs from NR_CPUS=8192 to nr_cpu_ids=2.
[    0.004000] 	Tasks RCU enabled.
[    0.004000] RCU: Adjusting geometry for rcu_fanout_leaf=16, nr_cpu_ids=2
[    0.004000] NR_IRQS: 524544, nr_irqs: 440, preallocated irqs: 16
[    0.004000] Console: colour VGA+ 80x25
[    0.004000] console [tty1] enabled
[    0.004000] console [ttyS0] enabled
[    0.004000] ACPI: Core revision 20170831
[    0.004000] ACPI: 2 ACPI AML tables successfully acquired and loaded
[    0.004000] APIC: Switch to symmetric I/O mode setup
[    0.004000] x2apic enabled
[    0.004000] Switched APIC routing to physical x2apic.
[    0.004000] ..TIMER: vector=0x30 apic1=0 pin1=2 apic2=-1 pin2=-1
[    0.004000] tsc: Detected 2295.674 MHz processor
[    0.004000] Calibrating delay loop (skipped) preset value.. 4591.34 BogoMIPS (lpj=9182696)
[    0.004000] pid_max: default: 32768 minimum: 301
[    0.004000] Security Framework initialized
[    0.004000] Yama: becoming mindful.
[    0.004000] AppArmor: AppArmor initialized
[    0.004000] Dentry cache hash table entries: 262144 (order: 9, 2097152 bytes)
[    0.004000] Inode-cache hash table entries: 131072 (order: 8, 1048576 bytes)
[    0.004000] Mount-cache hash table entries: 4096 (order: 3, 32768 bytes)
[    0.004000] Mountpoint-cache hash table entries: 4096 (order: 3, 32768 bytes)
[    0.004000] Last level iTLB entries: 4KB 1024, 2MB 1024, 4MB 512
[    0.004000] Last level dTLB entries: 4KB 1536, 2MB 1536, 4MB 768, 1GB 0
[    0.004000] Spectre V1 : Mitigation: usercopy/swapgs barriers and __user pointer sanitization
[    0.004000] Spectre V2 : Spectre mitigation: LFENCE not serializing, switching to generic retpoline
[    0.004000] Spectre V2 : Mitigation: Full generic retpoline
[    0.004000] Spectre V2 : Spectre v2 / SpectreRSB mitigation: Filling RSB on context switch
[    0.004000] Speculative Store Bypass: Mitigation: Speculative Store Bypass disabled via prctl and seccomp
[    0.004000] Freeing SMP alternatives memory: 36K
[    0.120548] APIC calibration not consistent with PM-Timer: 104ms instead of 100ms
[    0.121409] APIC delta adjusted to PM-Timer: 6432365 (6724680)
[    0.122019] smpboot: CPU0: AMD Ryzen 7 3750H with Radeon Vega Mobile Gfx (family: 0x17, model: 0x18, stepping: 0x1)
[    0.123061] Performance Events: PMU not available due to virtualization, using software events only.
[    0.123974] Hierarchical SRCU implementation.
[    0.124000] NMI watchdog: Perf event create on CPU 0 failed with -2
[    0.124000] NMI watchdog: Perf NMI watchdog permanently disabled
[    0.124042] smp: Bringing up secondary CPUs ...
[    0.124578] x86: Booting SMP configuration:
[    0.124997] .... node  #0, CPUs:      #1
[    0.004000] kvm-clock: cpu 1, msr 0:7ff44041, secondary cpu clock
[    0.128030] smp: Brought up 1 node, 2 CPUs
[    0.128404] smpboot: Max logical packages: 1
[    0.128852] smpboot: Total of 2 processors activated (9182.69 BogoMIPS)
[    0.129613] devtmpfs: initialized
[    0.129613] x86/mm: Memory block size: 128MB
[    0.129613] evm: security.selinux
[    0.132008] evm: security.SMACK64
[    0.132346] evm: security.SMACK64EXEC
[    0.132699] evm: security.SMACK64TRANSMUTE
[    0.133097] evm: security.SMACK64MMAP
[    0.133459] evm: security.apparmor
[    0.133800] evm: security.ima
[    0.134106] evm: security.capability
[    0.134479] clocksource: jiffies: mask: 0xffffffff max_cycles: 0xffffffff, max_idle_ns: 7645041785100000 ns
[    0.134479] futex hash table entries: 512 (order: 3, 32768 bytes)
[    0.136074] pinctrl core: initialized pinctrl subsystem
[    0.137351] RTC time: 14:51:10, date: 06/06/21
[    0.138467] NET: Registered protocol family 16
[    0.139688] audit: initializing netlink subsys (disabled)
[    0.140028] audit: type=2000 audit(1622991075.367:1): state=initialized audit_enabled=0 res=1
[    0.141497] cpuidle: using governor ladder
[    0.144032] cpuidle: using governor menu
[    0.145116] ACPI: bus type PCI registered
[    0.145116] acpiphp: ACPI Hot Plug PCI Controller Driver version: 0.5
[    0.145265] PCI: Using configuration type 1 for base access
[    0.145834] PCI: Using configuration type 1 for extended access
[    0.148381] HugeTLB registered 2.00 MiB page size, pre-allocated 0 pages
[    0.149408] ACPI: Added _OSI(Module Device)
[    0.152007] ACPI: Added _OSI(Processor Device)
[    0.152953] ACPI: Added _OSI(3.0 _SCP Extensions)
[    0.153869] ACPI: Added _OSI(Processor Aggregator Device)
[    0.155182] ACPI: Added _OSI(Linux-Dell-Video)
[    0.156015] ACPI: Added _OSI(Linux-Lenovo-NV-HDMI-Audio)
[    0.157120] ACPI: Added _OSI(Linux-HPI-Hybrid-Graphics)
[    0.158593] ACPI: Executed 1 blocks of module-level executable AML code
[    0.163466] ACPI: Interpreter enabled
[    0.163826] ACPI: (supports S0 S5)
[    0.164006] ACPI: Using IOAPIC for interrupt routing
[    0.164586] PCI: Using host bridge windows from ACPI; if necessary, use "pci=nocrs" and report a bug
[    0.165383] ACPI: Enabled 2 GPEs in block 00 to 07
[    0.169993] ACPI: PCI Root Bridge [PCI0] (domain 0000 [bus 00-ff])
[    0.170590] acpi PNP0A03:00: _OSC: OS supports [ExtendedConfig ASPM ClockPM Segments MSI]
[    0.172024] acpi PNP0A03:00: _OSC: platform does not support [PCIeCapability]
[    0.173081] acpi PNP0A03:00: _OSC: not requesting control; platform does not support [PCIeCapability]
[    0.173964] acpi PNP0A03:00: _OSC: OS requested [PCIeHotplug PME AER PCIeCapability]
[    0.174720] acpi PNP0A03:00: _OSC: platform willing to grant [PCIeHotplug PME AER]
[    0.175438] acpi PNP0A03:00: _OSC failed (AE_SUPPORT); disabling ASPM
[    0.176144] PCI host bridge to bus 0000:00
[    0.176956] pci_bus 0000:00: root bus resource [io  0x0000-0x0cf7 window]
[    0.177615] pci_bus 0000:00: root bus resource [io  0x0d00-0xffff window]
[    0.178323] pci_bus 0000:00: root bus resource [mem 0x000a0000-0x000bffff window]
[    0.179042] pci_bus 0000:00: root bus resource [mem 0x80000000-0xfdffffff window]
[    0.179781] pci_bus 0000:00: root bus resource [bus 00-ff]
[    0.180875] pci 0000:00:01.1: legacy IDE quirk: reg 0x10: [io  0x01f0-0x01f7]
[    0.181541] pci 0000:00:01.1: legacy IDE quirk: reg 0x14: [io  0x03f6]
[    0.182148] pci 0000:00:01.1: legacy IDE quirk: reg 0x18: [io  0x0170-0x0177]
[    0.182807] pci 0000:00:01.1: legacy IDE quirk: reg 0x1c: [io  0x0376]
[    0.212595] pci 0000:00:07.0: quirk: [io  0x4000-0x403f] claimed by PIIX4 ACPI
[    0.214221] pci 0000:00:07.0: quirk: [io  0x4100-0x410f] claimed by PIIX4 SMB
[    0.234988] ACPI: PCI Interrupt Link [LNKA] (IRQs 5 9 10 *11)
[    0.236589] ACPI: PCI Interrupt Link [LNKB] (IRQs 5 9 *10 11)
[    0.238024] ACPI: PCI Interrupt Link [LNKC] (IRQs 5 *9 10 11)
[    0.240222] ACPI: PCI Interrupt Link [LNKD] (IRQs 5 9 10 *11)
[    0.242266] SCSI subsystem initialized
[    0.244044] pci 0000:00:02.0: vgaarb: setting as boot VGA device
[    0.244646] pci 0000:00:02.0: vgaarb: VGA device added: decodes=io+mem,owns=io+mem,locks=none
[    0.245561] pci 0000:00:02.0: vgaarb: bridge control possible
[    0.246167] vgaarb: loaded
[    0.246517] ACPI: bus type USB registered
[    0.246969] usbcore: registered new interface driver usbfs
[    0.247598] usbcore: registered new interface driver hub
[    0.248008] usbcore: registered new device driver usb
[    0.248554] EDAC MC: Ver: 3.0.0
[    0.249058] PCI: Using ACPI for IRQ routing
[    0.249058] NetLabel: Initializing
[    0.249058] NetLabel:  domain hash size = 128
[    0.252008] NetLabel:  protocols = UNLABELED CIPSOv4 CALIPSO
[    0.252641] NetLabel:  unlabeled traffic allowed by default
[    0.253232] clocksource: Switched to clocksource kvm-clock
[    0.258301] VFS: Disk quotas dquot_6.6.0
[    0.258301] VFS: Dquot-cache hash table entries: 512 (order 0, 4096 bytes)
[    0.258301] AppArmor: AppArmor Filesystem Enabled
[    0.258301] pnp: PnP ACPI init
[    0.258301] pnp: PnP ACPI: found 3 devices
[    0.276886] clocksource: acpi_pm: mask: 0xffffff max_cycles: 0xffffff, max_idle_ns: 2085701024 ns
[    0.278047] NET: Registered protocol family 2
[    0.278729] TCP established hash table entries: 16384 (order: 5, 131072 bytes)
[    0.279661] TCP bind hash table entries: 16384 (order: 6, 262144 bytes)
[    0.280513] TCP: Hash tables configured (established 16384 bind 16384)
[    0.281923] UDP hash table entries: 1024 (order: 3, 32768 bytes)
[    0.282679] UDP-Lite hash table entries: 1024 (order: 3, 32768 bytes)
[    0.283482] NET: Registered protocol family 1
[    0.284032] pci 0000:00:00.0: Limiting direct PCI/PCI transfers
[    0.284480] pci 0000:00:01.0: Activating ISA DMA hang workarounds
[    0.284480] pci 0000:00:02.0: Video device with shadowed ROM at [mem 0x000c0000-0x000dffff]
[    0.284480] Unpacking initramfs...
[    0.284480] Freeing initrd memory: 19512K
[    0.284480] clocksource: tsc: mask: 0xffffffffffffffff max_cycles: 0x21173ebab99, max_idle_ns: 440795271727 ns
[    0.284480] platform rtc_cmos: registered platform RTC device (no PNP device found)
[    0.284480] Scanning for low memory corruption every 60 seconds
[    0.535061] Initialise system trusted keyrings
[    0.535684] Key type blacklist registered
[    0.536330] workingset: timestamp_bits=36 max_order=19 bucket_order=0
[    0.539646] zbud: loaded
[    0.542370] squashfs: version 4.0 (2009/01/31) Phillip Lougher
[    0.544611] fuse init (API version 7.26)
[    0.549726] Key type asymmetric registered
[    0.550249] Asymmetric key parser 'x509' registered
[    0.550874] Block layer SCSI generic (bsg) driver version 0.4 loaded (major 246)
[    0.551889] io scheduler noop registered
[    0.552671] io scheduler deadline registered
[    0.553507] io scheduler cfq registered (default)
[    0.554811] ACPI: AC Adapter [AC] (on-line)
[    0.555673] input: Power Button as /devices/LNXSYSTM:00/LNXPWRBN:00/input/input0
[    0.557154] ACPI: Power Button [PWRF]
[    0.558109] input: Sleep Button as /devices/LNXSYSTM:00/LNXSLPBN:00/input/input1
[    0.559546] ACPI: Sleep Button [SLPF]
[    0.560761] Serial: 8250/16550 driver, 32 ports, IRQ sharing enabled
[    0.561755] ACPI: Battery Slot [BAT0] (battery present)
[    0.583584] 00:02: ttyS0 at I/O 0x3f8 (irq = 4, base_baud = 115200) is a 16550A
[    0.586848] Linux agpgart interface v0.103
[    0.588878] loop: module loaded
[    0.589799] scsi host0: ata_piix
[    0.590408] scsi host1: ata_piix
[    0.591173] ata1: PATA max UDMA/33 cmd 0x1f0 ctl 0x3f6 bmdma 0xd000 irq 14
[    0.592471] ata2: PATA max UDMA/33 cmd 0x170 ctl 0x376 bmdma 0xd008 irq 15
[    0.593904] libphy: Fixed MDIO Bus: probed
[    0.594745] tun: Universal TUN/TAP device driver, 1.6
[    0.595789] PPP generic driver version 2.4.2
[    0.596707] ehci_hcd: USB 2.0 'Enhanced' Host Controller (EHCI) Driver
[    0.597936] ehci-pci: EHCI PCI platform driver
[    0.598833] ehci-platform: EHCI generic platform driver
[    0.599273] ohci_hcd: USB 1.1 'Open' Host Controller (OHCI) Driver
[    0.599752] ohci-pci: OHCI PCI platform driver
[    0.600120] ohci-platform: OHCI generic platform driver
[    0.600548] uhci_hcd: USB Universal Host Controller Interface driver
[    0.601058] i8042: PNP: PS/2 Controller [PNP0303:PS2K,PNP0f03:PS2M] at 0x60,0x64 irq 1,12
[    0.602047] serio: i8042 KBD port at 0x60,0x64 irq 1
[    0.602497] serio: i8042 AUX port at 0x60,0x64 irq 12
[    0.603034] mousedev: PS/2 mouse device common for all mice
[    0.603880] input: AT Translated Set 2 keyboard as /devices/platform/i8042/serio0/input/input2
[    0.624585] rtc_cmos rtc_cmos: rtc core: registered rtc_cmos as rtc0
[    0.625249] rtc_cmos rtc_cmos: alarms up to one day, 114 bytes nvram
[    0.625862] i2c /dev entries driver
[    0.626292] device-mapper: uevent: version 1.0.3
[    0.626859] device-mapper: ioctl: 4.37.0-ioctl (2017-09-20) initialised: dm-devel@redhat.com
[    0.627720] ledtrig-cpu: registered to indicate activity on CPUs
[    0.628905] NET: Registered protocol family 10
[    0.634283] Segment Routing with IPv6
[    0.635130] NET: Registered protocol family 17
[    0.636366] Key type dns_resolver registered
[    0.637573] mce: Using 0 MCE banks
[    0.638346] RAS: Correctable Errors collector initialized.
[    0.639482] sched_clock: Marking stable (637519636, 0)->(739625001, -102105365)
[    0.641685] registered taskstats version 1
[    0.642790] Loading compiled-in X.509 certificates
[    0.647726] Loaded X.509 cert 'Build time autogenerated kernel key: de118354fe72448b469776565e76ac30c08e8db2'
[    0.651055] Loaded X.509 cert 'Canonical Ltd. Live Patch Signing: 14df34d1a87cf37625abec039ef2bf521249b969'
[    0.652498] Loaded X.509 cert 'Canonical Ltd. Kernel Module Signing: 88f752e560a1e0737e31163a466ad7b70a850c19'
[    0.653240] zswap: loaded using pool lzo/zbud
[    0.656704] Key type big_key registered
[    0.657037] Key type trusted registered
[    0.659137] Key type encrypted registered
[    0.659475] AppArmor: AppArmor sha1 policy hashing enabled
[    0.659882] ima: No TPM chip found, activating TPM-bypass! (rc=-19)
[    0.660387] ima: Allocated hash algorithm: sha1
[    0.660759] evm: HMAC attrs: 0x1
[    0.661162]   Magic number: 9:274:889
[    0.661554] rtc_cmos rtc_cmos: setting system clock to 2021-06-06 14:51:11 UTC (1622991071)
[    0.662353] BIOS EDD facility v0.16 2004-Jun-25, 0 devices found
[    0.663672] EDD information not available.
[    0.782446] Freeing unused kernel image memory: 2444K
[    0.792175] Write protecting the kernel read-only data: 20480k
[    0.794501] Freeing unused kernel image memory: 2008K
[    0.796097] Freeing unused kernel image memory: 1828K
[    0.804503] x86/mm: Checked W+X mappings: passed, no W+X pages found.
Loading, please wait...
starting version 237
[    0.863138] e1000: Intel(R) PRO/1000 Network Driver - version 7.3.21-k8-NAPI
[    0.863708] e1000: Copyright (c) 1999-2006 Intel Corporation.
[    0.864455] Fusion MPT base driver 3.04.20
[    0.864813] Copyright (c) 1999-2008 LSI Corporation
[    0.867658] Fusion MPT SPI Host driver 3.04.20
[    0.879863] AVX2 version of gcm_enc/dec engaged.
[    0.880283] AES CTR mode by8 optimization enabled
[    1.096429] input: ImExPS/2 Generic Explorer Mouse as /devices/platform/i8042/serio1/input/input4
[    1.210192] e1000 0000:00:03.0 eth0: (PCI:33MHz:32-bit) 02:c3:ac:bf:e0:17
[    1.210895] e1000 0000:00:03.0 eth0: Intel(R) PRO/1000 Network Connection
[    1.618094] e1000 0000:00:08.0 eth1: (PCI:33MHz:32-bit) 08:00:27:c7:1d:b4
[    1.618740] e1000 0000:00:08.0 eth1: Intel(R) PRO/1000 Network Connection
[    1.620571] e1000 0000:00:03.0 enp0s3: renamed from eth0
[    1.621339] mptbase: ioc0: Initiating bringup
[    1.636578] e1000 0000:00:08.0 enp0s8: renamed from eth1
[    1.720746] ioc0: LSI53C1030 A0: Capabilities={Initiator}
[    1.962736] scsi host2: ioc0: LSI53C1030 A0, FwRev=00000000h, Ports=1, MaxQ=256, IRQ=20
[    3.129188] scsi 2:0:0:0: Direct-Access     VBOX     HARDDISK         1.0  PQ: 0 ANSI: 5
[    3.156176] scsi target2:0:0: Beginning Domain Validation
[    3.159298] scsi target2:0:0: Domain Validation skipping write tests
[    3.161029] scsi target2:0:0: Ending Domain Validation
[    3.162554] scsi target2:0:0: asynchronous
[    3.164285] scsi 2:0:1:0: Direct-Access     VBOX     HARDDISK         1.0  PQ: 0 ANSI: 5
[    3.316024] scsi target2:0:1: Beginning Domain Validation
[    3.319022] scsi target2:0:1: Domain Validation skipping write tests
[    3.320517] scsi target2:0:1: Ending Domain Validation
[    3.321698] random: fast init done
[    3.323852] scsi target2:0:1: asynchronous
[    3.328262] random: systemd-udevd: uninitialized urandom read (16 bytes read)
[    3.329142] random: systemd-udevd: uninitialized urandom read (16 bytes read)
[    3.330005] random: systemd-udevd: uninitialized urandom read (16 bytes read)
[    3.331186] sd 2:0:0:0: Attached scsi generic sg0 type 0
[    3.331292] sd 2:0:0:0: [sda] 83886080 512-byte logical blocks: (42.9 GB/40.0 GiB)
[    3.332603] sd 2:0:1:0: Attached scsi generic sg1 type 0
[    3.333470] sd 2:0:0:0: [sda] Write Protect is off
[    3.334879] sd 2:0:1:0: [sdb] 20480 512-byte logical blocks: (10.5 MB/10.0 MiB)
[    3.334910] sd 2:0:0:0: [sda] Incomplete mode parameter data
[    3.337831] sd 2:0:1:0: [sdb] Write Protect is off
[    3.338032] sd 2:0:1:0: [sdb] Incomplete mode parameter data
[    3.338036] sd 2:0:1:0: [sdb] Assuming drive cache: write through
[    3.339106] sd 2:0:0:0: [sda] Assuming drive cache: write through
[    3.344012]  sda: sda1
[    3.344726] sd 2:0:0:0: [sda] Attached SCSI disk
[    3.345398] sd 2:0:1:0: [sdb] Attached SCSI disk
Begin: Loading essential drivers ... [    4.764285] raid6: sse2x1   gen()  7071 MB/s
[    4.812215] raid6: sse2x1   xor()  8122 MB/s
[    4.860497] raid6: sse2x2   gen() 17309 MB/s
[    4.908429] raid6: sse2x2   xor() 10999 MB/s
[    4.958326] raid6: sse2x4   gen() 18620 MB/s
[    5.004081] raid6: sse2x4   xor()  9171 MB/s
[    5.052186] raid6: avx2x1   gen() 18405 MB/s
[    5.100215] raid6: avx2x1   xor() 13907 MB/s
[    5.148213] raid6: avx2x2   gen() 23695 MB/s
[    5.196226] raid6: avx2x2   xor() 15148 MB/s
[    5.244198] raid6: avx2x4   gen() 24319 MB/s
[    5.292213] raid6: avx2x4   xor() 13184 MB/s
[    5.292687] raid6: using algorithm avx2x4 gen() 24319 MB/s
[    5.293202] raid6: .... xor() 13184 MB/s, rmw enabled
[    5.293680] raid6: using avx2x2 recovery algorithm
[    5.296490] xor: automatically using best checksumming function   avx       
[    5.299336] async_tx: api initialized (async)
done.
Begin: Running /scripts/init-premount ... done.
Begin: Mounting root file system ... Begin: Running /scripts/local-top ... done.
Begin: Running /scripts/local-premount ... [    5.350469] Btrfs loaded, crc32c=crc32c-intel
Scanning for Btrfs filesystems
done.
Warning: fsck not present, so skipping root file system
[    5.380521] EXT4-fs (sda1): mounted filesystem with ordered data mode. Opts: (null)
done.
Begin: Running /scripts/local-bottom ... done.
Begin: Running /scripts/init-bottom ... done.
[    5.562918] ip_tables: (C) 2000-2006 Netfilter Core Team
[    5.587980] systemd[1]: systemd 237 running in system mode. (+PAM +AUDIT +SELINUX +IMA +APPARMOR +SMACK +SYSVINIT +UTMP +LIBCRYPTSETUP +GCRYPT +GNUTLS +ACL +XZ +LZ4 +SECCOMP +BLKID +ELFUTILS +KMOD -IDN2 +IDN -PCRE2 default-hierarchy=hybrid)
[    5.593165] systemd[1]: Detected virtualization oracle.
[    5.594409] systemd[1]: Detected architecture x86-64.

Welcome to [1mUbuntu 18.04.5 LTS[0m!

[    5.604756] systemd[1]: Set hostname to <ubuntu>.
[    5.607245] systemd[1]: Initializing machine ID from random generator.
[    5.608303] systemd[1]: Installed transient /etc/machine-id file.
[    5.876653] systemd[1]: Created slice System Slice.
[[0;32m  OK  [0m] Created slice System Slice.
[    5.877954] systemd[1]: Listening on Network Service Netlink Socket.
[[0;32m  OK  [0m] Listening on Network Service Netlink Socket.
[    5.879377] systemd[1]: Listening on LVM2 metadata daemon socket.
[[0;32m  OK  [0m] Listening on LVM2 metadata daemon socket.
[    5.880660] systemd[1]: Listening on /dev/initctl Compatibility Named Pipe.
[[0;32m  OK  [0m] Listening on /dev/initctl Compatibility Named Pipe.
[[0;32m  OK  [0m] Listening on Syslog Socket.
[[0;32m  OK  [0m] Reached target Swap.
[[0;32m  OK  [0m] Listening on fsck to fsckd communication Socket.
[[0;32m  OK  [0m] Listening on Journal Socket (/dev/log).
[[0;32m  OK  [0m] Reached target System Time Synchronized.
[[0;32m  OK  [0m] Listening on Journal Audit Socket.
[[0;32m  OK  [0m] Listening on udev Kernel Socket.
[[0;32m  OK  [0m] Listening on Journal Socket.
         Mounting Huge Pages File System...
         Mounting Kernel Debug File System...
         Starting Load Kernel Modules...
         Starting Journal Service...
[[0;32m  OK  [0m] Listening on Device-mapper event daemon FIFOs.
         Starting Monitoring of LVM2 mirrorsâ€¦ng dmeventd or progress polling...
[[0;32m  OK  [0m] Set up automount Arbitrary Executabâ€¦rmats File System Automount Point.
[    5.908394] Loading iSCSI transport class v2.0-870.
[    5.915360] iscsi: registered transport (tcp)
[    5.932535] iscsi: registered transport (iser)
         Starting File System Check on Root Device...
[[0;32m  OK  [0m] Started Forward Password Requests to Wall Directory Watch.
[[0;32m  OK  [0m] Reached target User and Group Name Lookups.
[[0;32m  OK  [0m] Listening on LVM2 poll daemon socket.
         Starting Set the console keyboard layout...
         Starting Create list of required stâ€¦ce nodes for the current kernel...
         Mounting POSIX Message Queue File System...
[[0;32m  OK  [0m] Created slice system-serial\x2dgetty.slice.
         Starting Uncomplicated firewall...
[[0;32m  OK  [0m] Created slice User and Session Slice.
[[0;32m  OK  [0m] Reached target Slices.
[[0;32m  OK  [0m] Listening on udev Control Socket.
         Starting udev Coldplug all Devices...
[[0;32m  OK  [0m] Mounted Huge Pages File System.
[[0;32m  OK  [0m] Mounted Kernel Debug File System.
[[0;32m  OK  [0m] Started Load Kernel Modules.
[[0;32m  OK  [0m] Started Journal Service.
[[0;32m  OK  [0m] Mounted POSIX Message Queue File System.
[[0;32m  OK  [0m] Started File System Check Daemon to report status.
[[0;32m  OK  [0m] Started LVM2 metadata daemon.
         Mounting FUSE Control File System...
         Mounting Kernel Configuration File System...
         Starting Apply Kernel Variables...
[[0;32m  OK  [0m] Started Uncomplicated firewall.
[[0;32m  OK  [0m] Mounted FUSE Control File System.
[[0;32m  OK  [0m] Mounted Kernel Configuration File System.
[[0;32m  OK  [0m] Started Create list of required staâ€¦vice nodes for the current kernel.
         Starting Create Static Device Nodes in /dev...
[[0;32m  OK  [0m] Started udev Coldplug all Devices.
[[0;32m  OK  [0m] Started Create Static Device Nodes in /dev.
[[0;32m  OK  [0m] Started File System Check on Root Device.
         Starting Remount Root and Kernel File Systems...
[[0;32m  OK  [0m] Started Monitoring of LVM2 mirrors,â€¦sing dmeventd or progress polling.
[[0;32m  OK  [0m] Started Apply Kernel Variables.
[[0;32m  OK  [0m] Started Remount Root and Kernel File Systems.
         Starting udev Kernel Device Manager...
         Starting Load/Save Random Seed...
         Starting Flush Journal to Persistent Storage...
[[0;32m  OK  [0m] Started Load/Save Random Seed.
[[0;32m  OK  [0m] Started udev Kernel Device Manager.
[[0;32m  OK  [0m] Started Set the console keyboard layout.
[[0;32m  OK  [0m] Started Dispatch Password Requests to Console Directory Watch.
[[0;32m  OK  [0m] Reached target Local Encrypted Volumes.
[[0;32m  OK  [0m] Reached target Local File Systems (Pre).
[[0;32m  OK  [0m] Reached target Local File Systems.
         Starting ebtables ruleset management...
         Starting Set console font and keymap...
         Starting Tell Plymouth To Write Out Runtime Data...
         Starting AppArmor initialization...
         Starting Commit a transient machine-id on disk...
[[0;32m  OK  [0m] Started Flush Journal to Persistent Storage.
         Starting Create Volatile Files and Directories...
[[0;32m  OK  [0m] Started Set console font and keymap.
[[0;32m  OK  [0m] Started Tell Plymouth To Write Out Runtime Data.
[[0;32m  OK  [0m] Started Create Volatile Files and Directories.
         Starting Update UTMP about System Boot/Shutdown...
[[0;32m  OK  [0m] Started Update UTMP about System Boot/Shutdown.
[[0;32m  OK  [0m] Started Commit a transient machine-id on disk.
[[0;32m  OK  [0m] Started ebtables ruleset management.
[[0;32m  OK  [0m] Found device /dev/ttyS0.
[[0;32m  OK  [0m] Listening on Load/Save RF Kill Switch Status /dev/rfkill Watch.
[[0;32m  OK  [0m] Started AppArmor initialization.
         Starting Initial cloud-init job (pre-networking)...
         Starting Load AppArmor profiles managed internally by snapd...
[[0;32m  OK  [0m] Started Load AppArmor profiles managed internally by snapd.
[    8.210534] cloud-init[561]: Cloud-init v. 21.1-19-gbad84ad4-0ubuntu1~18.04.2 running 'init-local' at Sun, 06 Jun 2021 14:51:18 +0000. Up 7.86 seconds.
[[0;32m  OK  [0m] Started Initial cloud-init job (pre-networking).
[[0;32m  OK  [0m] Reached target Network (Pre).
         Starting Network Service...
[[0;32m  OK  [0m] Started Network Service.
         Starting Network Name Resolution...
         Starting Wait for Network to be Configured...
[[0;32m  OK  [0m] Started Network Name Resolution.
[[0;32m  OK  [0m] Reached target Network.
[[0;32m  OK  [0m] Reached target Host and Network Name Lookups.
[[0;32m  OK  [0m] Started Wait for Network to be Configured.
         Starting Initial cloud-init job (metadata service crawler)...
[   10.073898] cloud-init[690]: Cloud-init v. 21.1-19-gbad84ad4-0ubuntu1~18.04.2 running 'init' at Sun, 06 Jun 2021 14:51:20 +0000. Up 9.92 seconds.
[   10.076925] cloud-init[690]: ci-info: ++++++++++++++++++++++++++++++++++++++Net device info+++++++++++++++++++++++++++++++++++++++
[   10.079334] cloud-init[690]: ci-info: +--------+-------+----------------------------+---------------+--------+-------------------+
[   10.081290] cloud-init[690]: ci-info: | Device |   Up  |          Address           |      Mask     | Scope  |     Hw-Address    |
[   10.083175] cloud-init[690]: ci-info: +--------+-------+----------------------------+---------------+--------+-------------------+
[   10.085119] cloud-init[690]: ci-info: | enp0s3 |  True |         10.0.2.15          | 255.255.255.0 | global | 02:c3:ac:bf:e0:17 |
[   10.086608] cloud-init[690]: ci-info: | enp0s3 |  True | fe80::c3:acff:febf:e017/64 |       .       |  link  | 02:c3:ac:bf:e0:17 |
[   10.087257] cloud-init[690]: ci-info: | enp0s8 | False |             .              |       .       |   .    | 08:00:27:c7:1d:b4 |
[   10.087926] cloud-init[690]: ci-info: |   lo   |  True |         127.0.0.1          |   255.0.0.0   |  host  |         .         |
[   10.088571] cloud-init[690]: ci-info: |   lo   |  True |          ::1/128           |       .       |  host  |         .         |
[   10.089305] cloud-init[690]: ci-info: +--------+-------+----------------------------+---------------+--------+-------------------+
[   10.089926] cloud-init[690]: ci-info: ++++++++++++++++++++++++++++Route IPv4 info+++++++++++++++++++++++++++++
[   10.090435] cloud-init[690]: ci-info: +-------+-------------+----------+-----------------+-----------+-------+
[   10.091074] cloud-init[690]: ci-info: | Route | Destination | Gateway  |     Genmask     | Interface | Flags |
[   10.091719] cloud-init[690]: ci-info: +-------+-------------+----------+-----------------+-----------+-------+
[   10.092284] cloud-init[690]: ci-info: |   0   |   0.0.0.0   | 10.0.2.2 |     0.0.0.0     |   enp0s3  |   UG  |
[   10.092820] cloud-init[690]: ci-info: |   1   |   10.0.2.0  | 0.0.0.0  |  255.255.255.0  |   enp0s3  |   U   |
[   10.093304] cloud-init[690]: ci-info: |   2   |   10.0.2.2  | 0.0.0.0  | 255.255.255.255 |   enp0s3  |   UH  |
[   10.093754] cloud-init[690]: ci-info: +-------+-------------+----------+-----------------+-----------+-------+
[   10.094378] cloud-init[690]: ci-info: +++++++++++++++++++Route IPv6 info+++++++++++++++++++
[   10.094797] cloud-init[690]: ci-info: +-------+-------------+---------+-----------+-------+
[   10.095207] cloud-init[690]: ci-info: | Route | Destination | Gateway | Interface | Flags |
[   10.095616] cloud-init[690]: ci-info: +-------+-------------+---------+-----------+-------+
[   10.096048] cloud-init[690]: ci-info: |   1   |  fe80::/64  |    ::   |   enp0s3  |   U   |
[   10.096513] cloud-init[690]: ci-info: |   3   |    local    |    ::   |   enp0s3  |   U   |
[   10.096924] cloud-init[690]: ci-info: |   4   |   ff00::/8  |    ::   |   enp0s3  |   U   |
[   10.097340] cloud-init[690]: ci-info: +-------+-------------+---------+-----------+-------+
[   10.914022] cloud-init[690]: Generating public/private rsa key pair.
[   10.916048] cloud-init[690]: Your identification has been saved in /etc/ssh/ssh_host_rsa_key.
[   10.917630] cloud-init[690]: Your public key has been saved in /etc/ssh/ssh_host_rsa_key.pub.
[   10.919188] cloud-init[690]: The key fingerprint is:
[   10.920486] cloud-init[690]: SHA256:ecaQSwzYV9+QsVbzTqB3iIZoH8Cnqf4/nBknR8gc15Y root@ubuntu-bionic
[   10.922076] cloud-init[690]: The key's randomart image is:
[   10.922492] cloud-init[690]: +---[RSA 2048]----+
[   10.923007] cloud-init[690]: |     o..... o++. |
[   10.923498] cloud-init[690]: |    . .oo+oooBE= |
[   10.923891] cloud-init[690]: |       .B*o+B.+ +|
[   10.924341] cloud-init[690]: |       oo*++.. + |
[   10.924756] cloud-init[690]: |       .S =.    .|
[   10.925206] cloud-init[690]: |      .  oo o    |
[   10.925667] cloud-init[690]: |     .   . B     |
[   10.926063] cloud-init[690]: |      .   =      |
[   10.926479] cloud-init[690]: |       .....     |
[   10.926891] cloud-init[690]: +----[SHA256]-----+
[   10.927263] cloud-init[690]: Generating public/private dsa key pair.
[   10.927721] cloud-init[690]: Your identification has been saved in /etc/ssh/ssh_host_dsa_key.
[   10.928359] cloud-init[690]: Your public key has been saved in /etc/ssh/ssh_host_dsa_key.pub.
[   10.928883] cloud-init[690]: The key fingerprint is:
[   10.929247] cloud-init[690]: SHA256:5/GkszVi9cieivQ31bJy6tMUv5xs/jWnc0BX5rdKucI root@ubuntu-bionic
[   10.929926] cloud-init[690]: The key's randomart image is:
[   10.940530] cloud-init[690]: +---[DSA 1024]----+
[   10.941676] cloud-init[690]: |                 |
[   10.942805] cloud-init[690]: |                o|
[   10.943861] cloud-init[690]: |               o.|
[   10.944970] cloud-init[690]: |              o +|
[   10.946012] cloud-init[690]: |        S o o..=o|
[   10.947098] cloud-init[690]: |         o B ==.o|
[   10.956497] cloud-init[690]: |        . B B+*==|
[   10.957338] cloud-init[690]: |       . + E===B=|
[   10.958425] cloud-init[690]: |        . ++**++o|
[   10.959334] cloud-init[690]: +----[SHA256]-----+
[   10.960248] cloud-init[690]: Generating public/private ecdsa key pair.
[   10.961470] cloud-init[690]: Your identification has been saved in /etc/ssh/ssh_host_ecdsa_key.
[   10.962942] cloud-init[690]: Your public key has been saved in /etc/ssh/ssh_host_ecdsa_key.pub.
[   10.964267] cloud-init[690]: The key fingerprint is:
[   10.964676] cloud-init[690]: SHA256:9y6Fx1noxavI+gJsIn8j0F59uNAwzXjRJ8LCu5sLss4 root@ubuntu-bionic
[   10.965349] cloud-init[690]: The key's randomart image is:
[   10.965849] cloud-init[690]: +---[ECDSA 256]---+
[   10.966349] cloud-init[690]: |     . . .       |
[   10.966844] cloud-init[690]: |      o + o .    |
[   10.967326] cloud-init[690]: |       * o o o   |
[   10.967779] cloud-init[690]: |      = +   . +  |
[   10.968177] cloud-init[690]: |   . . BS..+ + . |
[   10.968640] cloud-init[690]: |  o o B +.o.* .  |
[   10.969073] cloud-init[690]: |  .=.+ = + +..   |
[   10.969532] cloud-init[690]: | . o+.= o +..    |
[   10.970045] cloud-init[690]: | .E  o.o.+...    |
[   10.970630] cloud-init[690]: +----[SHA256]-----+
[   10.971122] cloud-init[690]: Generating public/private ed25519 key pair.
[   10.971644] cloud-init[690]: Your identification has been saved in /etc/ssh/ssh_host_ed25519_key.
[   10.972417] cloud-init[690]: Your public key has been saved in /etc/ssh/ssh_host_ed25519_key.pub.
[   10.973054] cloud-init[690]: The key fingerprint is:
[   10.973578] cloud-init[690]: SHA256:HXc2QUZbsd/XZg9iIW8x4hjsQr8YED3u4/2ECzitE5o root@ubuntu-bionic
[   10.974278] cloud-init[690]: The key's randomart image is:
[   10.974723] cloud-init[690]: +--[ED25519 256]--+
[   10.975158] cloud-init[690]: |    ..       o=.o|
[   10.975630] cloud-init[690]: |     .o.     . +.|
[   10.976132] cloud-init[690]: |    ....o + = =. |
[   10.976684] cloud-init[690]: |     o.o = * * .+|
[   10.977138] cloud-init[690]: |     .o S o = . B|
[   10.977595] cloud-init[690]: |    .oo+ o o . +o|
[   10.978004] cloud-init[690]: |   ooo+oo .     .|
[   10.978456] cloud-init[690]: |  E .o...o       |
[   10.978922] cloud-init[690]: |    ..  ...      |
[   10.979366] cloud-init[690]: +----[SHA256]-----+
[[0;32m  OK  [0m] Started Initial cloud-init job (metadata service crawler).
[[0;32m  OK  [0m] Reached target Network is Online.
[[0;32m  OK  [0m] Reached target Remote File Systems (Pre).
[[0;32m  OK  [0m] Reached target Remote File Systems.
         Starting Availability of block devices...
[[0;32m  OK  [0m] Reached target System Initialization.
[[0;32m  OK  [0m] Listening on D-Bus System Message Bus Socket.
[[0;32m  OK  [0m] Listening on ACPID Listen Socket.
         Starting LXD - unix socket.
[[0;32m  OK  [0m] Listening on Open-iSCSI iscsid Socket.
[[0;32m  OK  [0m] Started Daily apt download activities.
[[0;32m  OK  [0m] Started Daily apt upgrade and clean activities.
[[0;32m  OK  [0m] Started Daily Cleanup of Temporary Directories.
[[0;32m  OK  [0m] Started ACPI Events Check.
[[0;32m  OK  [0m] Reached target Paths.
[[0;32m  OK  [0m] Started Ubuntu Advantage update messaging.
[[0;32m  OK  [0m] Started Discard unused blocks once a week.
         Starting Socket activation for snappy daemon.
[[0;32m  OK  [0m] Started Message of the Day.
[[0;32m  OK  [0m] Reached target Timers.
[[0;32m  OK  [0m] Listening on UUID daemon activation socket.
[[0;32m  OK  [0m] Reached target Cloud-config availability.
[[0;32m  OK  [0m] Started Availability of block devices.
[[0;32m  OK  [0m] Listening on LXD - unix socket.
[[0;32m  OK  [0m] Listening on Socket activation for snappy daemon.
[[0;32m  OK  [0m] Reached target Sockets.
[[0;32m  OK  [0m] Reached target Basic System.
         Starting Accounts Service...
         Starting LSB: automatic crash report generation...
[[0;32m  OK  [0m] Started FUSE filesystem for LXC.
         Starting Pollinate to seed the pseudo random number generator...
         Starting LSB: Record successful boot for GRUB...
         Starting Permit User Sessions...
[[0;32m  OK  [0m] Started D-Bus System Message Bus.
[[0;32m  OK  [0m] Started irqbalance daemon.
         Starting Virtualbox guest utils...
[[0;32m  OK  [0m] Started Regular background program processing daemon.
         Starting Snap Daemon...
         Starting System Logging Service...
         Starting LXD - container startup/shutdown...
         Starting Dispatcher daemon for systemd-networkd...
[[0;32m  OK  [0m] Started Deferred execution scheduler.
         Starting Login Service...
[[0;32m  OK  [0m] Started Permit User Sessions.
         Starting Terminate Plymouth Boot Screen...
         Starting Hold until boot process finishes up...
[[0;32m  OK  [0m] Started Terminate Plymouth Boot Screen.
[[0;32m  OK  [0m] Started Hold until boot process finishes up.
[[0;32m  OK  [0m] Started System Logging Service.
         Starting Authorization Manager...
         Starting Set console scheme...
[[0;32m  OK  [0m] Started Serial Getty on ttyS0.
[[0;32m  OK  [0m] Started Login Service.
[[0;32m  OK  [0m] Started LSB: automatic crash report generation.
[[0;32m  OK  [0m] Started Set console scheme.
[[0;32m  OK  [0m] Created slice system-getty.slice.
[[0;32m  OK  [0m] Started Getty on tty1.
[[0;32m  OK  [0m] Reached target Login Prompts.
[[0;32m  OK  [0m] Started Unattended Upgrades Shutdown.
[[0;32m  OK  [0m] Started LSB: Record successful boot for GRUB.
[[0;32m  OK  [0m] Started Authorization Manager.
[[0;32m  OK  [0m] Started Accounts Service.
[[0;32m  OK  [0m] Started LXD - container startup/shutdown.
[[0;32m  OK  [0m] Started Virtualbox guest utils.
[[0;32m  OK  [0m] Started Dispatcher daemon for systemd-networkd.
[[0;32m  OK  [0m] Started Snap Daemon.
         Starting Wait until snapd is fully seeded...
[[0;32m  OK  [0m] Started Pollinate to seed the pseudo random number generator.
         Starting OpenBSD Secure Shell server...
[[0;32m  OK  [0m] Started OpenBSD Secure Shell server.
[[0;32m  OK  [0m] Created slice User Slice of vagrant.
         Starting User Manager for UID 1000...
[[0;32m  OK  [0m] Started Session 1 of user vagrant.
[[0;32m  OK  [0m] Started User Manager for UID 1000.
[[0;32m  OK  [0m] Started Wait until snapd is fully seeded.
         Starting Apply the settings specified in cloud-config...
[[0;32m  OK  [0m] Reached target Multi-User System.
[[0;32m  OK  [0m] Reached target Graphical Interface.
         Starting Update UTMP about System Runlevel Changes...
[[0;32m  OK  [0m] Started Update UTMP about System Runlevel Changes.
         Stopping User Manager for UID 1000...
[[0;32m  OK  [0m] Stopped User Manager for UID 1000.
[[0;32m  OK  [0m] Removed slice User Slice of vagrant.
[[0;32m  OK  [0m] Created slice User Slice of vagrant.
         Starting User Manager for UID 1000...
[[0;32m  OK  [0m] Started Session 3 of user vagrant.
[[0;32m  OK  [0m] Started User Manager for UID 1000.
[   16.035492] cloud-init[1504]: Cloud-init v. 21.1-19-gbad84ad4-0ubuntu1~18.04.2 running 'modules:config' at Sun, 06 Jun 2021 14:51:26 +0000. Up 15.61 seconds.
[[0;32m  OK  [0m] Started Apply the settings specified in cloud-config.
         Starting Execute cloud user/final scripts...
ci-info: no authorized SSH keys fingerprints found for user ubuntu.
<14>Jun  6 14:51:27 ec2: 
<14>Jun  6 14:51:27 ec2: #############################################################
<14>Jun  6 14:51:27 ec2: -----BEGIN SSH HOST KEY FINGERPRINTS-----
<14>Jun  6 14:51:27 ec2: 1024 SHA256:5/GkszVi9cieivQ31bJy6tMUv5xs/jWnc0BX5rdKucI root@ubuntu-bionic (DSA)
<14>Jun  6 14:51:27 ec2: 256 SHA256:9y6Fx1noxavI+gJsIn8j0F59uNAwzXjRJ8LCu5sLss4 root@ubuntu-bionic (ECDSA)
<14>Jun  6 14:51:27 ec2: 256 SHA256:HXc2QUZbsd/XZg9iIW8x4hjsQr8YED3u4/2ECzitE5o root@ubuntu-bionic (ED25519)
<14>Jun  6 14:51:27 ec2: 2048 SHA256:ecaQSwzYV9+QsVbzTqB3iIZoH8Cnqf4/nBknR8gc15Y root@ubuntu-bionic (RSA)
<14>Jun  6 14:51:27 ec2: -----END SSH HOST KEY FINGERPRINTS-----
<14>Jun  6 14:51:27 ec2: #############################################################
-----BEGIN SSH HOST KEY KEYS-----
ecdsa-sha2-nistp256 AAAAE2VjZHNhLXNoYTItbmlzdHAyNTYAAAAIbmlzdHAyNTYAAABBBGuu91LEL3gsyhbK6rf9GtsUd0T3nRlRiRktp3wpFut2P+tsmpxIf5XgItirvSBoMnRS03VKWybtSpg/XEdatno= root@ubuntu-bionic
ssh-ed25519 AAAAC3NzaC1lZDI1NTE5AAAAIOLZwO5DiZFkGxH0Nv4XQU9FNN1gzCH3TKVvkxzoUmfV root@ubuntu-bionic
ssh-rsa AAAAB3NzaC1yc2EAAAADAQABAAABAQDkKcMzHbt5pbFa0hFwroArNTRCACMl9KUZpeIhJFcMbn7sfoHduV3pVI17/h9mg3D5M2Iku32u8gCCmqz+XoJQOyxEgWy+IqmSs6eCwE4ZTMtkSW+qgfdLe8h0EazSwYx3LXBHJHsKCwjgjIhmPuxUb+2PTYjIDYySHdfFYyI0r05r5zCVgj1r+Ly8EUvu188jSwibZwtMBbVO/4tiQBP2GyxQUbn4CQQP1NV8eMDkMdrLOjNGoZHkhVmnMrQ4GMcaploLMjTUxu8Xo/CiJ8QttvpBJPqVZR7x63a9unvpq4svpWOaEdmrgUq6IIV4bqV7joPhfAt/GXUfzA8fBCN/ root@ubuntu-bionic
-----END SSH HOST KEY KEYS-----
[   16.675694] cloud-init[1639]: Cloud-init v. 21.1-19-gbad84ad4-0ubuntu1~18.04.2 running 'modules:final' at Sun, 06 Jun 2021 14:51:27 +0000. Up 16.51 seconds.
[   16.675923] cloud-init[1639]: ci-info: no authorized SSH keys fingerprints found for user ubuntu.
[   16.676207] cloud-init[1639]: Cloud-init v. 21.1-19-gbad84ad4-0ubuntu1~18.04.2 finished at Sun, [ 1346.374276] aufs aufs_fill_super:912:mount[3238]: no arg
[ 1346.392261] overlayfs: missing 'lowerdir'
[23776.282663] e1000 0000:00:08.0 enp0s8: Reset adapter
 [  790.435373] aufs aufs_fill_super:912:mount[3137]: no[ 1031.325200] aufs aufs_fill_super:912:mount[3366]:[23743.448867] e1000 0000:00:08.0 enp0s8: Reset adapter
2376.188986] e1000 0000:00:08.0 enp0s8: Reset adapter
[23809.693148] e1000 0000:00:08.0 enp0s8: Reset adapter
